300 player1
250 player2
200 player3
75 player4
23 player5
7 player6
